MPLINK 5.09, LINKER
Linker Map File - Created Fri Dec 16 11:23:20 2022

                                 Section Info
                  Section       Type    Address   Location Size(Bytes)
                ---------  ---------  ---------  ---------  ---------
                   .org_0       code   0x000000    program   0x000064
                   .cinit    romdata   0x000032    program   0x000004
.config_2007_BUILD/DEFAULT/PRODUCTION/MAINPIN       code   0x002007    program   0x000002
.config_2008_BUILD/DEFAULT/PRODUCTION/MAINPIN       code   0x002008    program   0x000002



                              Program Memory Usage 
                               Start         End      
                           ---------   ---------      
                            0x000000    0x000033      
                            0x002007    0x002008      
            54 out of 8455 program addresses used, program memory utilization is 0%



                              Symbols - Sorted by Name
                     Name    Address   Location    Storage File                     
                ---------  ---------  ---------  --------- ---------                
                   INICIO   0x000001    program     static E:\DIGITALES\Pines.X\MainPines.asm
                     LOOP   0x00000c    program     static E:\DIGITALES\Pines.X\MainPines.asm
                    REP_1   0x00002b    program     static E:\DIGITALES\Pines.X\MainPines.asm
                    REP_2   0x00002d    program     static E:\DIGITALES\Pines.X\MainPines.asm
                  RETARDO   0x000029    program     static E:\DIGITALES\Pines.X\MainPines.asm
               SECUENCIA1   0x00000f    program     static E:\DIGITALES\Pines.X\MainPines.asm
               SECUENCIA2   0x000013    program     static E:\DIGITALES\Pines.X\MainPines.asm
               SECUENCIA3   0x00001b    program     static E:\DIGITALES\Pines.X\MainPines.asm
               SECUENCIA4   0x000023    program     static E:\DIGITALES\Pines.X\MainPines.asm



                              Symbols - Sorted by Address
                     Name    Address   Location    Storage File                     
                ---------  ---------  ---------  --------- ---------                
                   INICIO   0x000001    program     static E:\DIGITALES\Pines.X\MainPines.asm
                     LOOP   0x00000c    program     static E:\DIGITALES\Pines.X\MainPines.asm
               SECUENCIA1   0x00000f    program     static E:\DIGITALES\Pines.X\MainPines.asm
               SECUENCIA2   0x000013    program     static E:\DIGITALES\Pines.X\MainPines.asm
               SECUENCIA3   0x00001b    program     static E:\DIGITALES\Pines.X\MainPines.asm
               SECUENCIA4   0x000023    program     static E:\DIGITALES\Pines.X\MainPines.asm
                  RETARDO   0x000029    program     static E:\DIGITALES\Pines.X\MainPines.asm
                    REP_1   0x00002b    program     static E:\DIGITALES\Pines.X\MainPines.asm
                    REP_2   0x00002d    program     static E:\DIGITALES\Pines.X\MainPines.asm


